// Jest Snapshot v1, https://goo.gl/fbAQLP

exports[`TinyTouch renders correctly 1`] = `""`;
